mode: set
github.com/ethanvc/study/algo/prefixmatch/prefixmatch.go:22.60,29.2 1 1
github.com/ethanvc/study/algo/prefixmatch/prefixmatch.go:31.24,37.2 5 1
github.com/ethanvc/study/algo/prefixmatch/prefixmatch.go:39.53,41.2 1 1
github.com/ethanvc/study/algo/prefixmatch/prefixmatch.go:43.69,47.32 2 1
github.com/ethanvc/study/algo/prefixmatch/prefixmatch.go:47.32,49.31 1 1
github.com/ethanvc/study/algo/prefixmatch/prefixmatch.go:49.31,50.20 1 1
github.com/ethanvc/study/algo/prefixmatch/prefixmatch.go:50.20,52.5 1 1
github.com/ethanvc/study/algo/prefixmatch/prefixmatch.go:53.4,56.14 4 0
github.com/ethanvc/study/algo/prefixmatch/prefixmatch.go:59.3,60.24 2 1
github.com/ethanvc/study/algo/prefixmatch/prefixmatch.go:60.24,62.4 1 1
github.com/ethanvc/study/algo/prefixmatch/prefixmatch.go:63.3,63.55 1 1
github.com/ethanvc/study/algo/prefixmatch/prefixmatch.go:63.55,65.4 1 1
github.com/ethanvc/study/algo/prefixmatch/prefixmatch.go:66.3,68.13 3 1
github.com/ethanvc/study/algo/prefixmatch/prefixmatch.go:72.2,79.29 6 1
github.com/ethanvc/study/algo/prefixmatch/prefixmatch.go:79.29,82.3 2 1
github.com/ethanvc/study/algo/prefixmatch/prefixmatch.go:83.2,83.12 1 1
github.com/ethanvc/study/algo/prefixmatch/prefixmatch.go:87.22,91.2 1 1
github.com/ethanvc/study/algo/prefixmatch/prefixmatch.go:93.45,95.51 2 1
github.com/ethanvc/study/algo/prefixmatch/prefixmatch.go:95.51,97.3 1 1
github.com/ethanvc/study/algo/prefixmatch/prefixmatch.go:97.8,99.3 1 1
github.com/ethanvc/study/algo/prefixmatch/prefixmatch.go:103.55,104.19 1 1
github.com/ethanvc/study/algo/prefixmatch/prefixmatch.go:104.19,106.3 1 1
github.com/ethanvc/study/algo/prefixmatch/prefixmatch.go:107.2,108.14 2 1
github.com/ethanvc/study/algo/prefixmatch/prefixmatch.go:108.14,110.3 1 1
github.com/ethanvc/study/algo/prefixmatch/prefixmatch.go:111.2,112.6 2 1
github.com/ethanvc/study/algo/prefixmatch/prefixmatch.go:112.6,113.39 1 1
github.com/ethanvc/study/algo/prefixmatch/prefixmatch.go:113.39,115.4 1 1
github.com/ethanvc/study/algo/prefixmatch/prefixmatch.go:116.3,116.31 1 1
github.com/ethanvc/study/algo/prefixmatch/prefixmatch.go:116.31,118.4 1 1
github.com/ethanvc/study/algo/prefixmatch/prefixmatch.go:119.3,121.23 3 0
github.com/ethanvc/study/algo/prefixmatch/prefixmatch.go:121.23,123.4 1 0
github.com/ethanvc/study/algo/prefixmatch/prefixmatch.go:124.3,125.17 2 0
github.com/ethanvc/study/algo/prefixmatch/prefixmatch.go:129.56,130.19 1 1
github.com/ethanvc/study/algo/prefixmatch/prefixmatch.go:130.19,132.3 1 1
github.com/ethanvc/study/algo/prefixmatch/prefixmatch.go:133.2,134.14 2 1
github.com/ethanvc/study/algo/prefixmatch/prefixmatch.go:134.14,137.3 2 1
github.com/ethanvc/study/algo/prefixmatch/prefixmatch.go:138.2,138.42 1 1
github.com/ethanvc/study/algo/prefixmatch/prefixmatch.go:141.50,142.24 1 1
github.com/ethanvc/study/algo/prefixmatch/prefixmatch.go:142.24,145.3 2 1
github.com/ethanvc/study/algo/prefixmatch/prefixmatch.go:145.8,147.3 1 1
github.com/ethanvc/study/algo/prefixmatch/prefixmatch.go:150.46,152.25 2 1
github.com/ethanvc/study/algo/prefixmatch/prefixmatch.go:152.25,153.19 1 1
github.com/ethanvc/study/algo/prefixmatch/prefixmatch.go:153.19,155.4 1 1
github.com/ethanvc/study/algo/prefixmatch/prefixmatch.go:157.2,157.15 1 1
